[General]
map_center='0 0 0'
game_mode='Conquest'
starting_credits=15000000

[Alpha_spawn]
sector = '8 8 2'
blueprint = 'Ares Home Base Lite'
type = 'station'
value = 0
owner = 1
objective = 0
can_capture = 0
home = 1
spawn = 16.0 -4.1 18.0

[Beta_spawn]
sector ='8 8 -3'
blueprint = 'Ares Home Base Lite'
type = 'station'
value = 0
owner = 2
objective = 0
can_capture = 0
home = 1
spawn = 16.0 -4.1 18.0

[Alpha_shop]
sector = '8 8 3'
blueprint = 'Ares Shop'
type = 'station'
value = 0
owner = -2
objective = 0
can_capture = 0

[Beta_shop]
sector = '8 8 -4'
blueprint = 'Ares Shop'
type = station
value = 00
owner = -2
objective = 0
can_capture = 0

[alpha_staging_area]
sector = '8 8 0'
blueprint = 'Ares Mining Outpost'
type = 'station'
value = 1
owner = -2
objective = 1
can_capture = 1
switch_owners_on_capture=1
defenders = TA Gunship,TA Gunship
defender_pos = 0 100 0,0 -100 0 

[beta_staging_area]
sector = '8 8 -1'
blueprint = 'Ares Mining Outpost'
type = 'station'
value = 1
owner = -2
objective = 1
can_capture = 1
switch_owners_on_capture=1
defenders = TA Gunship,TA Gunship
defender_pos = 0 100 0,0 -100 0

[alpha_military_base1]
sector = '11 8 3'
blueprint = 'Ares Home Base Lite'
type = 'station'
value = 2
owner	= 1
objective = 1
can_capture = 0

[alpha_military_base2]
sector = '5 8 3'
blueprint = 'Ares Home Base Lite'
type = 'station'
value = 2
owner	= 1
objective = 1
can_capture = 0

[beta_military_base1]
sector = '11 8 -4'
blueprint = 'Ares Home Base Lite'
type = 'station'
value = 2
owner	= 2
objective = 1
can_capture = 0

[beta_military_base2]
sector = '5 8 -4'
blueprint = 'Ares Home Base Lite'
type = 'station'
value = 2
owner	= 2
objective = 1
can_capture = 0

[alpha_factory]
sector = '8 8 13'
blueprint = 'Ares Massive Base'
type = 'station'
value = 3
owner	= 1
objective = 1
can_capture = 0

[beta_factory]
sector = '8 8 -14'
blueprint = 'Ares Massive Base'
type = 'station'
value = 2
owner	= 2
objective = 1
can_capture = 0
