
[Alpha_base]
sector = '6 0 4'
blueprint = 'Ares Home Base Lite'
type = 'station'
value = 1
owner = 1
objective = 1
can_capture = 0
home = 1

[Beta_base]
sector ='-6 0 4'
blueprint = 'Ares Home Base Lite'
type = 'station'
value = 1
owner = 2
objective = 1
can_capture = 0
home = 1

[Alpha_shop]
sector = '7 0 4'
blueprint = 'Ares Shop'
type = 'station'
value = 0.5
owner = -2
objective = 0
can_capture = 0

[Beta_shop]
sector = -7 0 4
blueprint = 'Ares Shop'
type = station
value = 0.5
owner = -2
objective = 0
can_capture = 0

[recycler_alpha1]
sector = 3 0 3
blueprint = 'Ares Recycling Station'
type = 'station'
value = 0.5
owner = -2
objective = 0
can_capture = 1
pirates = Pirate Salvager,Pirate Salvager,Pirate Fighter Type1
pirate_pos = 100 100 0,-200 -10 -20,-50 20 50
defenders = Pirate Salvager,Pirate Salvager
defender_pos = 100 100 0,-200 -10 -20

[recycler_beta1]
sector = '-3 0 5'
blueprint = 'Ares Recycling Station'
type = 'station'
value = 0.5
owner	= -2
objective = 0
can_capture = 1
pirates = Pirate Salvager,Pirate Salvager,Pirate Fighter Type1
pirate_pos = 100 100 0,-200 -10 -20,-50 20 50
defenders = Pirate Salvager,Pirate Salvager
defender_pos = 100 100 0,-200 -10 -20

[recycler_alpha2]
sector = '1 0 5'
blueprint = 'Ares Recycling Station'
type = 'station'
value = 0.5
owner	= -2
objective = 0
can_capture = 1
pirates = Pirate Salvager,Pirate Salvager,Pirate Fighter Type1,Pirate Fighter Type1,Pirate Fighter Type1,Pirate Raider,Pirate Raider
pirate_pos = -210 -5 -50,-200 -10 -50,-50 20 50, 100 -35 -10,20 40 -1,300 -30 24,-100 0 130
defenders = Pirate Salvager,Pirate Salvager
defender_pos = -210 -5 -50,-200 -10 -50
doodads = Ares Debris
doodad_pos = -200 -7 -61

[recycler_beta2]
sector = '-1 0 3'
blueprint = 'Ares Recycling Station'
type = 'station'
value = 0.5
owner = -2
objective = 0
can_capture = 1
pirates = Pirate Salvager,Pirate Salvager,Pirate Fighter Type1,Pirate Fighter Type1,Pirate Fighter Type1,Pirate Raider,Pirate Raider
pirate_pos = -210 -5 -50,-200 -10 -50,-50 20 50, 100 -35 -10,20 40 -1,300 -30 24,-100 0 130
defenders = Pirate Salvager,Pirate Salvager
defender_pos = -210 -5 -50,-200 -10 -50
doodads = Ares Debris
doodad_pos = -200 -7 -61
