
[Alpha_base]
sector = '6 0 -17'
blueprint = 'Ares Home Base Lite'
type = 'station'
value = 1
owner = 1
objective = 1
can_capture = 0
home = 1
spawn = 16.0 -4.1 18.0

[Beta_base]
sector ='-6 0 0'
blueprint = 'Ares Home Base Lite'
type = 'station'
value = 1
owner = 2
objective = 1
can_capture = 0
home = 1
spawn = 16.0 -4.1 18.0

[mining_station_alpha1]
sector = '6 0 -14'
blueprint = 'Ares Mining Outpost'
type = 'station'
value = 0.5
owner = -2
objective = 0
can_capture = 1

[mining_station_beta1]
sector = '-6 0 -3'
blueprint = 'Ares Mining Outpost'
type = 'station'
value = 0.5
owner	= -2
objective = 0
can_capture = 1

[mining_station_alpha2]
sector = '1 0 -12'
blueprint = 'Ares Mining Outpost'
type = 'station'
value = 0.5
owner	= -2
objective = 0
can_capture = 1

[mining_station_beta2]
sector = '-1 0 -6'
blueprint = 'Ares Mining Outpost'
type = 'station'
value = 0.5
owner = -2
objective = 0
can_capture = 1

[Contested_Shop]
sector = '0 0 -9'
blueprint = 'Ares Shop'
type = 'station'
value = 0.2
owner = -2
objective = 0
can_capture = 1

